Archive member included because of file (symbol)

g:/estk/01- imt sdk-20220810t141900z-001/01- imt sdk/imt_sdk_win_64/imt_sdk_win_64/winavr/bin/../lib/gcc/avr/4.3.3/avr5\libgcc.a(_udivmodqi4.o)
                              ./APP/SSD_Counter/Counter_Program.o (__udivmodqi4)
g:/estk/01- imt sdk-20220810t141900z-001/01- imt sdk/imt_sdk_win_64/imt_sdk_win_64/winavr/bin/../lib/gcc/avr/4.3.3/avr5\libgcc.a(_udivmodsi4.o)
                              ./HAL/LCD/LCD_Program.o (__udivmodsi4)
g:/estk/01- imt sdk-20220810t141900z-001/01- imt sdk/imt_sdk_win_64/imt_sdk_win_64/winavr/bin/../lib/gcc/avr/4.3.3/avr5\libgcc.a(_exit.o)
                              g:/estk/01- imt sdk-20220810t141900z-001/01- imt sdk/imt_sdk_win_64/imt_sdk_win_64/winavr/bin/../lib/gcc/avr/4.3.3/../../../../avr/lib/avr5/crtm32.o (exit)
g:/estk/01- imt sdk-20220810t141900z-001/01- imt sdk/imt_sdk_win_64/imt_sdk_win_64/winavr/bin/../lib/gcc/avr/4.3.3/avr5\libgcc.a(_copy_data.o)
                              ./HAL/SSD/SSD_Program.o (__do_copy_data)
g:/estk/01- imt sdk-20220810t141900z-001/01- imt sdk/imt_sdk_win_64/imt_sdk_win_64/winavr/bin/../lib/gcc/avr/4.3.3/avr5\libgcc.a(_clear_bss.o)
                              ./MCAL/DIO/DIO_Program.o (__do_clear_bss)

Memory Configuration

Name             Origin             Length             Attributes
text             0x00000000         0x00020000         xr
data             0x00800060         0x0000ffa0         rw !x
eeprom           0x00810000         0x00010000         rw !x
fuse             0x00820000         0x00000400         rw !x
lock             0x00830000         0x00000400         rw !x
signature        0x00840000         0x00000400         rw !x
*default*        0x00000000         0xffffffff

Linker script and memory map

LOAD g:/estk/01- imt sdk-20220810t141900z-001/01- imt sdk/imt_sdk_win_64/imt_sdk_win_64/winavr/bin/../lib/gcc/avr/4.3.3/../../../../avr/lib/avr5/crtm32.o
LOAD ./MCAL/DIO/DIO_Program.o
LOAD ./HAL/SSD/SSD_Program.o
LOAD ./HAL/LED/LED_Program.o
LOAD ./HAL/LCD/LCD_Program.o
LOAD ./HAL/BUTTON/BUTTON_Program.o
LOAD ./APP/SSD_Frame/Frame_Program.o
LOAD ./APP/SSD_Counter/Counter_Program.o
LOAD ./APP/LCD_PrintingName/Printing_Program.o
LOAD ./APP/main.o
LOAD g:/estk/01- imt sdk-20220810t141900z-001/01- imt sdk/imt_sdk_win_64/imt_sdk_win_64/winavr/bin/../lib/gcc/avr/4.3.3/avr5\libgcc.a
LOAD g:/estk/01- imt sdk-20220810t141900z-001/01- imt sdk/imt_sdk_win_64/imt_sdk_win_64/winavr/bin/../lib/gcc/avr/4.3.3/../../../../avr/lib/avr5\libc.a
LOAD g:/estk/01- imt sdk-20220810t141900z-001/01- imt sdk/imt_sdk_win_64/imt_sdk_win_64/winavr/bin/../lib/gcc/avr/4.3.3/avr5\libgcc.a

.hash
 *(.hash)

.dynsym
 *(.dynsym)

.dynstr
 *(.dynstr)

.gnu.version
 *(.gnu.version)

.gnu.version_d
 *(.gnu.version_d)

.gnu.version_r
 *(.gnu.version_r)

.rel.init
 *(.rel.init)

.rela.init
 *(.rela.init)

.rel.text
 *(.rel.text)
 *(.rel.text.*)
 *(.rel.gnu.linkonce.t*)

.rela.text
 *(.rela.text)
 *(.rela.text.*)
 *(.rela.gnu.linkonce.t*)

.rel.fini
 *(.rel.fini)

.rela.fini
 *(.rela.fini)

.rel.rodata
 *(.rel.rodata)
 *(.rel.rodata.*)
 *(.rel.gnu.linkonce.r*)

.rela.rodata
 *(.rela.rodata)
 *(.rela.rodata.*)
 *(.rela.gnu.linkonce.r*)

.rel.data
 *(.rel.data)
 *(.rel.data.*)
 *(.rel.gnu.linkonce.d*)

.rela.data
 *(.rela.data)
 *(.rela.data.*)
 *(.rela.gnu.linkonce.d*)

.rel.ctors
 *(.rel.ctors)

.rela.ctors
 *(.rela.ctors)

.rel.dtors
 *(.rel.dtors)

.rela.dtors
 *(.rela.dtors)

.rel.got
 *(.rel.got)

.rela.got
 *(.rela.got)

.rel.bss
 *(.rel.bss)

.rela.bss
 *(.rela.bss)

.rel.plt
 *(.rel.plt)

.rela.plt
 *(.rela.plt)

.text           0x00000000      0xc38
 *(.vectors)
 .vectors       0x00000000       0x54 g:/estk/01- imt sdk-20220810t141900z-001/01- imt sdk/imt_sdk_win_64/imt_sdk_win_64/winavr/bin/../lib/gcc/avr/4.3.3/../../../../avr/lib/avr5/crtm32.o
                0x00000000                __vectors
                0x00000000                __vector_default
 *(.vectors)
 *(.progmem.gcc*)
 *(.progmem*)
                0x00000054                . = ALIGN (0x2)
                0x00000054                __trampolines_start = .
 *(.trampolines)
 .trampolines   0x00000054        0x0 linker stubs
 *(.trampolines*)
                0x00000054                __trampolines_end = .
 *(.jumptables)
 *(.jumptables*)
 *(.lowtext)
 *(.lowtext*)
                0x00000054                __ctors_start = .
 *(.ctors)
                0x00000054                __ctors_end = .
                0x00000054                __dtors_start = .
 *(.dtors)
                0x00000054                __dtors_end = .
 SORT(*)(.ctors)
 SORT(*)(.dtors)
 *(.init0)
 .init0         0x00000054        0x0 g:/estk/01- imt sdk-20220810t141900z-001/01- imt sdk/imt_sdk_win_64/imt_sdk_win_64/winavr/bin/../lib/gcc/avr/4.3.3/../../../../avr/lib/avr5/crtm32.o
                0x00000054                __init
 *(.init0)
 *(.init1)
 *(.init1)
 *(.init2)
 .init2         0x00000054        0xc g:/estk/01- imt sdk-20220810t141900z-001/01- imt sdk/imt_sdk_win_64/imt_sdk_win_64/winavr/bin/../lib/gcc/avr/4.3.3/../../../../avr/lib/avr5/crtm32.o
 *(.init2)
 *(.init3)
 *(.init3)
 *(.init4)
 .init4         0x00000060       0x16 g:/estk/01- imt sdk-20220810t141900z-001/01- imt sdk/imt_sdk_win_64/imt_sdk_win_64/winavr/bin/../lib/gcc/avr/4.3.3/avr5\libgcc.a(_copy_data.o)
                0x00000060                __do_copy_data
 .init4         0x00000076       0x10 g:/estk/01- imt sdk-20220810t141900z-001/01- imt sdk/imt_sdk_win_64/imt_sdk_win_64/winavr/bin/../lib/gcc/avr/4.3.3/avr5\libgcc.a(_clear_bss.o)
                0x00000076                __do_clear_bss
 *(.init4)
 *(.init5)
 *(.init5)
 *(.init6)
 *(.init6)
 *(.init7)
 *(.init7)
 *(.init8)
 *(.init8)
 *(.init9)
 .init9         0x00000086        0x8 g:/estk/01- imt sdk-20220810t141900z-001/01- imt sdk/imt_sdk_win_64/imt_sdk_win_64/winavr/bin/../lib/gcc/avr/4.3.3/../../../../avr/lib/avr5/crtm32.o
 *(.init9)
 *(.text)
 .text          0x0000008e        0x4 g:/estk/01- imt sdk-20220810t141900z-001/01- imt sdk/imt_sdk_win_64/imt_sdk_win_64/winavr/bin/../lib/gcc/avr/4.3.3/../../../../avr/lib/avr5/crtm32.o
                0x0000008e                __vector_1
                0x0000008e                __vector_12
                0x0000008e                __bad_interrupt
                0x0000008e                __vector_6
                0x0000008e                __vector_3
                0x0000008e                __vector_11
                0x0000008e                __vector_13
                0x0000008e                __vector_17
                0x0000008e                __vector_19
                0x0000008e                __vector_7
                0x0000008e                __vector_5
                0x0000008e                __vector_4
                0x0000008e                __vector_9
                0x0000008e                __vector_2
                0x0000008e                __vector_15
                0x0000008e                __vector_8
                0x0000008e                __vector_14
                0x0000008e                __vector_10
                0x0000008e                __vector_16
                0x0000008e                __vector_18
                0x0000008e                __vector_20
 .text          0x00000092        0x0 ./MCAL/DIO/DIO_Program.o
 .text          0x00000092        0x0 ./HAL/SSD/SSD_Program.o
 .text          0x00000092        0x0 ./HAL/LED/LED_Program.o
 .text          0x00000092        0x0 ./HAL/LCD/LCD_Program.o
 .text          0x00000092        0x0 ./HAL/BUTTON/BUTTON_Program.o
 .text          0x00000092        0x0 ./APP/SSD_Frame/Frame_Program.o
 .text          0x00000092        0x0 ./APP/SSD_Counter/Counter_Program.o
 .text          0x00000092        0x0 ./APP/LCD_PrintingName/Printing_Program.o
 .text          0x00000092        0x0 ./APP/main.o
 .text          0x00000092        0x0 g:/estk/01- imt sdk-20220810t141900z-001/01- imt sdk/imt_sdk_win_64/imt_sdk_win_64/winavr/bin/../lib/gcc/avr/4.3.3/avr5\libgcc.a(_udivmodqi4.o)
 .text          0x00000092        0x0 g:/estk/01- imt sdk-20220810t141900z-001/01- imt sdk/imt_sdk_win_64/imt_sdk_win_64/winavr/bin/../lib/gcc/avr/4.3.3/avr5\libgcc.a(_udivmodsi4.o)
 .text          0x00000092        0x0 g:/estk/01- imt sdk-20220810t141900z-001/01- imt sdk/imt_sdk_win_64/imt_sdk_win_64/winavr/bin/../lib/gcc/avr/4.3.3/avr5\libgcc.a(_exit.o)
 .text          0x00000092        0x0 g:/estk/01- imt sdk-20220810t141900z-001/01- imt sdk/imt_sdk_win_64/imt_sdk_win_64/winavr/bin/../lib/gcc/avr/4.3.3/avr5\libgcc.a(_copy_data.o)
 .text          0x00000092        0x0 g:/estk/01- imt sdk-20220810t141900z-001/01- imt sdk/imt_sdk_win_64/imt_sdk_win_64/winavr/bin/../lib/gcc/avr/4.3.3/avr5\libgcc.a(_clear_bss.o)
                0x00000092                . = ALIGN (0x2)
 *(.text.*)
 .text.DIO_voidDioInitialization
                0x00000092        0x2 ./MCAL/DIO/DIO_Program.o
                0x00000092                DIO_voidDioInitialization
 .text.DIO_voidDioReset
                0x00000094        0x2 ./MCAL/DIO/DIO_Program.o
                0x00000094                DIO_voidDioReset
 .text.DIO_voidSetPinDirection
                0x00000096       0xca ./MCAL/DIO/DIO_Program.o
                0x00000096                DIO_voidSetPinDirection
 .text.DIO_voidSetPinValue
                0x00000160       0xca ./MCAL/DIO/DIO_Program.o
                0x00000160                DIO_voidSetPinValue
 .text.DIO_voidSetRegisterDirection
                0x0000022a       0x26 ./MCAL/DIO/DIO_Program.o
                0x0000022a                DIO_voidSetRegisterDirection
 .text.DIO_voidSetRegisterValue
                0x00000250       0x26 ./MCAL/DIO/DIO_Program.o
                0x00000250                DIO_voidSetRegisterValue
 .text.DIO_u8GetPinValue
                0x00000276       0x3c ./MCAL/DIO/DIO_Program.o
                0x00000276                DIO_u8GetPinValue
 .text.DIO_u8GetRegisterValue
                0x000002b2       0x2a ./MCAL/DIO/DIO_Program.o
                0x000002b2                DIO_u8GetRegisterValue
 .text.SSD_voidSsdSetPin
                0x000002dc       0x2e ./HAL/SSD/SSD_Program.o
                0x000002dc                SSD_voidSsdSetPin
 .text.SSD_voidSsdSetNumber
                0x0000030a       0x2e ./HAL/SSD/SSD_Program.o
                0x0000030a                SSD_voidSsdSetNumber
 .text.SSD_voidSsdTurnOff
                0x00000338       0x2a ./HAL/SSD/SSD_Program.o
                0x00000338                SSD_voidSsdTurnOff
 .text.SSD_voidSsdTurnOn
                0x00000362       0x2a ./HAL/SSD/SSD_Program.o
                0x00000362                SSD_voidSsdTurnOn
 .text.SSD_voidSetSsdInitPinValue
                0x0000038c       0x46 ./HAL/SSD/SSD_Program.o
 .text.SSD_voidSetSsdInitPinDirection
                0x000003d2       0x46 ./HAL/SSD/SSD_Program.o
 .text.SSD_voidSsdInitalization
                0x00000418       0x42 ./HAL/SSD/SSD_Program.o
                0x00000418                SSD_voidSsdInitalization
 .text.LED_voidLedSetValue
                0x0000045a       0x1c ./HAL/LED/LED_Program.o
                0x0000045a                LED_voidLedSetValue
 .text.LED_voidLedInitalaization
                0x00000476       0x3e ./HAL/LED/LED_Program.o
                0x00000476                LED_voidLedInitalaization
 .text.LED_voidLedsInitalaization
                0x000004b4       0x22 ./HAL/LED/LED_Program.o
                0x000004b4                LED_voidLedsInitalaization
 .text.LCD_voidSendCommand
                0x000004d6       0x94 ./HAL/LCD/LCD_Program.o
 .text.LCD_voidDisplayShiftRight
                0x0000056a        0x8 ./HAL/LCD/LCD_Program.o
                0x0000056a                LCD_voidDisplayShiftRight
 .text.LCD_voidDisplayShiftLeft
                0x00000572        0x8 ./HAL/LCD/LCD_Program.o
                0x00000572                LCD_voidDisplayShiftLeft
 .text.LCD_voidGoToRowColumn
                0x0000057a       0x1e ./HAL/LCD/LCD_Program.o
                0x0000057a                LCD_voidGoToRowColumn
 .text.LCD_voidClearScreen
                0x00000598       0x10 ./HAL/LCD/LCD_Program.o
                0x00000598                LCD_voidClearScreen
 .text.LCD_voidDisplayCharacter
                0x000005a8       0x94 ./HAL/LCD/LCD_Program.o
                0x000005a8                LCD_voidDisplayCharacter
 .text.LCD_voidDisplayInteger
                0x0000063c       0xcc ./HAL/LCD/LCD_Program.o
                0x0000063c                LCD_voidDisplayInteger
 .text.LCD_voidDisplayString
                0x00000708       0x3c ./HAL/LCD/LCD_Program.o
                0x00000708                LCD_voidDisplayString
 .text.LCD_voidSystemInitalaization
                0x00000744       0x9a ./HAL/LCD/LCD_Program.o
                0x00000744                LCD_voidSystemInitalaization
 .text.BUTTON_u8ButtonGetValue
                0x000007de       0x46 ./HAL/BUTTON/BUTTON_Program.o
                0x000007de                BUTTON_u8ButtonGetValue
 .text.BUTTON_voidButtonInitalaization
                0x00000824       0x32 ./HAL/BUTTON/BUTTON_Program.o
                0x00000824                BUTTON_voidButtonInitalaization
 .text.BUTTON_voidButtonsInitalaization
                0x00000856       0x2c ./HAL/BUTTON/BUTTON_Program.o
                0x00000856                BUTTON_voidButtonsInitalaization
 .text.Frame_voidSetFrameDirection
                0x00000882      0x200 ./APP/SSD_Frame/Frame_Program.o
                0x00000882                Frame_voidSetFrameDirection
 .text.Frame_voidUpdate
                0x00000a82       0x16 ./APP/SSD_Frame/Frame_Program.o
                0x00000a82                Frame_voidUpdate
 .text.Frame_voidSystemInitalaization
                0x00000a98       0x14 ./APP/SSD_Frame/Frame_Program.o
                0x00000a98                Frame_voidSystemInitalaization
 .text.Counter_voidUpdate
                0x00000aac       0x58 ./APP/SSD_Counter/Counter_Program.o
                0x00000aac                Counter_voidUpdate
 .text.Counter_voidSystemInitalaization
                0x00000b04        0xe ./APP/SSD_Counter/Counter_Program.o
                0x00000b04                Counter_voidSystemInitalaization
 .text.Printing_voidSystemUpdate
                0x00000b12       0xa8 ./APP/LCD_PrintingName/Printing_Program.o
                0x00000b12                Printing_voidSystemUpdate
 .text.Printing_voidSystemInitialization
                0x00000bba       0x14 ./APP/LCD_PrintingName/Printing_Program.o
                0x00000bba                Printing_voidSystemInitialization
 .text.main     0x00000bce        0xa ./APP/main.o
                0x00000bce                main
 .text.libgcc   0x00000bd8       0x18 g:/estk/01- imt sdk-20220810t141900z-001/01- imt sdk/imt_sdk_win_64/imt_sdk_win_64/winavr/bin/../lib/gcc/avr/4.3.3/avr5\libgcc.a(_udivmodqi4.o)
                0x00000bd8                __udivmodqi4
 .text.libgcc   0x00000bf0       0x44 g:/estk/01- imt sdk-20220810t141900z-001/01- imt sdk/imt_sdk_win_64/imt_sdk_win_64/winavr/bin/../lib/gcc/avr/4.3.3/avr5\libgcc.a(_udivmodsi4.o)
                0x00000bf0                __udivmodsi4
 .text.libgcc   0x00000c34        0x0 g:/estk/01- imt sdk-20220810t141900z-001/01- imt sdk/imt_sdk_win_64/imt_sdk_win_64/winavr/bin/../lib/gcc/avr/4.3.3/avr5\libgcc.a(_exit.o)
 .text.libgcc   0x00000c34        0x0 g:/estk/01- imt sdk-20220810t141900z-001/01- imt sdk/imt_sdk_win_64/imt_sdk_win_64/winavr/bin/../lib/gcc/avr/4.3.3/avr5\libgcc.a(_copy_data.o)
 .text.libgcc   0x00000c34        0x0 g:/estk/01- imt sdk-20220810t141900z-001/01- imt sdk/imt_sdk_win_64/imt_sdk_win_64/winavr/bin/../lib/gcc/avr/4.3.3/avr5\libgcc.a(_clear_bss.o)
                0x00000c34                . = ALIGN (0x2)
 *(.fini9)
 .fini9         0x00000c34        0x0 g:/estk/01- imt sdk-20220810t141900z-001/01- imt sdk/imt_sdk_win_64/imt_sdk_win_64/winavr/bin/../lib/gcc/avr/4.3.3/avr5\libgcc.a(_exit.o)
                0x00000c34                exit
                0x00000c34                _exit
 *(.fini9)
 *(.fini8)
 *(.fini8)
 *(.fini7)
 *(.fini7)
 *(.fini6)
 *(.fini6)
 *(.fini5)
 *(.fini5)
 *(.fini4)
 *(.fini4)
 *(.fini3)
 *(.fini3)
 *(.fini2)
 *(.fini2)
 *(.fini1)
 *(.fini1)
 *(.fini0)
 .fini0         0x00000c34        0x4 g:/estk/01- imt sdk-20220810t141900z-001/01- imt sdk/imt_sdk_win_64/imt_sdk_win_64/winavr/bin/../lib/gcc/avr/4.3.3/avr5\libgcc.a(_exit.o)
 *(.fini0)
                0x00000c38                _etext = .

.data           0x00800060       0xa2 load address 0x00000c38
                0x00800060                PROVIDE (__data_start, .)
 *(.data)
 .data          0x00800060        0x0 g:/estk/01- imt sdk-20220810t141900z-001/01- imt sdk/imt_sdk_win_64/imt_sdk_win_64/winavr/bin/../lib/gcc/avr/4.3.3/../../../../avr/lib/avr5/crtm32.o
 .data          0x00800060        0x0 ./MCAL/DIO/DIO_Program.o
 .data          0x00800060        0x0 ./HAL/SSD/SSD_Program.o
 .data          0x00800060        0x0 ./HAL/LED/LED_Program.o
 .data          0x00800060        0x0 ./HAL/LCD/LCD_Program.o
 .data          0x00800060        0x0 ./HAL/BUTTON/BUTTON_Program.o
 .data          0x00800060        0x0 ./APP/SSD_Frame/Frame_Program.o
 .data          0x00800060        0x0 ./APP/SSD_Counter/Counter_Program.o
 .data          0x00800060       0x11 ./APP/LCD_PrintingName/Printing_Program.o
 .data          0x00800071        0x0 ./APP/main.o
 .data          0x00800071        0x0 g:/estk/01- imt sdk-20220810t141900z-001/01- imt sdk/imt_sdk_win_64/imt_sdk_win_64/winavr/bin/../lib/gcc/avr/4.3.3/avr5\libgcc.a(_udivmodqi4.o)
 .data          0x00800071        0x0 g:/estk/01- imt sdk-20220810t141900z-001/01- imt sdk/imt_sdk_win_64/imt_sdk_win_64/winavr/bin/../lib/gcc/avr/4.3.3/avr5\libgcc.a(_udivmodsi4.o)
 .data          0x00800071        0x0 g:/estk/01- imt sdk-20220810t141900z-001/01- imt sdk/imt_sdk_win_64/imt_sdk_win_64/winavr/bin/../lib/gcc/avr/4.3.3/avr5\libgcc.a(_exit.o)
 .data          0x00800071        0x0 g:/estk/01- imt sdk-20220810t141900z-001/01- imt sdk/imt_sdk_win_64/imt_sdk_win_64/winavr/bin/../lib/gcc/avr/4.3.3/avr5\libgcc.a(_copy_data.o)
 .data          0x00800071        0x0 g:/estk/01- imt sdk-20220810t141900z-001/01- imt sdk/imt_sdk_win_64/imt_sdk_win_64/winavr/bin/../lib/gcc/avr/4.3.3/avr5\libgcc.a(_clear_bss.o)
 *(.data*)
 .data.mySSD1_PinConfig
                0x00800071       0x1b ./HAL/SSD/SSD_Program.o
                0x00800071                mySSD1_PinConfig
 .data.mySSD2_PinConfig
                0x0080008c       0x1b ./HAL/SSD/SSD_Program.o
                0x0080008c                mySSD2_PinConfig
 .data.myLCD_Configs
                0x008000a7        0x7 ./HAL/LCD/LCD_Program.o
                0x008000a7                myLCD_Configs
 .data.myButtonConfig
                0x008000ae       0x18 ./HAL/BUTTON/BUTTON_Program.o
                0x008000ae                myButtonConfig
 *(.rodata)
 *(.rodata*)
 .rodata.L_u8PinsLookupTable.1365
                0x008000c6        0x8 ./HAL/SSD/SSD_Program.o
 .rodata.L_u8NumbersLookupTable.1353
                0x008000ce       0x10 ./HAL/SSD/SSD_Program.o
 .rodata.myLedsConfig
                0x008000de       0x18 ./HAL/LED/LED_Program.o
                0x008000de                myLedsConfig
 .rodata.G_cu8LedsArray
                0x008000f6        0x8 ./HAL/LED/LED_Program.o
                0x008000f6                G_cu8LedsArray
 .rodata.delay_time
                0x008000fe        0x1 ./APP/SSD_Frame/Frame_Program.o
                0x008000fe                delay_time
 .rodata.switch_delay
                0x008000ff        0x1 ./APP/SSD_Frame/Frame_Program.o
                0x008000ff                switch_delay
 .rodata.delay_between
                0x00800100        0x1 ./APP/SSD_Counter/Counter_Program.o
                0x00800100                delay_between
 *(.gnu.linkonce.d*)
                0x00800102                . = ALIGN (0x2)
 *fill*         0x00800101        0x1 00
                0x00800102                _edata = .
                0x00800102                PROVIDE (__data_end, .)

.bss            0x00800102       0x30
                0x00800102                PROVIDE (__bss_start, .)
 *(.bss)
 .bss           0x00800102        0x0 g:/estk/01- imt sdk-20220810t141900z-001/01- imt sdk/imt_sdk_win_64/imt_sdk_win_64/winavr/bin/../lib/gcc/avr/4.3.3/../../../../avr/lib/avr5/crtm32.o
 .bss           0x00800102        0x0 ./MCAL/DIO/DIO_Program.o
 .bss           0x00800102        0x0 ./HAL/SSD/SSD_Program.o
 .bss           0x00800102        0x0 ./HAL/LED/LED_Program.o
 .bss           0x00800102        0x0 ./HAL/LCD/LCD_Program.o
 .bss           0x00800102        0x0 ./HAL/BUTTON/BUTTON_Program.o
 .bss           0x00800102        0x0 ./APP/SSD_Frame/Frame_Program.o
 .bss           0x00800102        0x0 ./APP/SSD_Counter/Counter_Program.o
 .bss           0x00800102        0x0 ./APP/LCD_PrintingName/Printing_Program.o
 .bss           0x00800102        0x0 ./APP/main.o
 .bss           0x00800102        0x0 g:/estk/01- imt sdk-20220810t141900z-001/01- imt sdk/imt_sdk_win_64/imt_sdk_win_64/winavr/bin/../lib/gcc/avr/4.3.3/avr5\libgcc.a(_udivmodqi4.o)
 .bss           0x00800102        0x0 g:/estk/01- imt sdk-20220810t141900z-001/01- imt sdk/imt_sdk_win_64/imt_sdk_win_64/winavr/bin/../lib/gcc/avr/4.3.3/avr5\libgcc.a(_udivmodsi4.o)
 .bss           0x00800102        0x0 g:/estk/01- imt sdk-20220810t141900z-001/01- imt sdk/imt_sdk_win_64/imt_sdk_win_64/winavr/bin/../lib/gcc/avr/4.3.3/avr5\libgcc.a(_exit.o)
 .bss           0x00800102        0x0 g:/estk/01- imt sdk-20220810t141900z-001/01- imt sdk/imt_sdk_win_64/imt_sdk_win_64/winavr/bin/../lib/gcc/avr/4.3.3/avr5\libgcc.a(_copy_data.o)
 .bss           0x00800102        0x0 g:/estk/01- imt sdk-20220810t141900z-001/01- imt sdk/imt_sdk_win_64/imt_sdk_win_64/winavr/bin/../lib/gcc/avr/4.3.3/avr5\libgcc.a(_clear_bss.o)
 *(.bss*)
 .bss.DIO_PORTA_InitialConfig
                0x00800102       0x10 ./MCAL/DIO/DIO_Program.o
                0x00800102                DIO_PORTA_InitialConfig
 .bss.DIO_PORTB_InitialConfig
                0x00800112       0x10 ./MCAL/DIO/DIO_Program.o
                0x00800112                DIO_PORTB_InitialConfig
 .bss.DIO_PORTC_InitialConfigPINS_NUM_PER_PORT
                0x00800122        0x0 ./MCAL/DIO/DIO_Program.o
                0x00800122                DIO_PORTC_InitialConfigPINS_NUM_PER_PORT
 .bss.DIO_PORTD_InitialConfig
                0x00800122       0x10 ./MCAL/DIO/DIO_Program.o
                0x00800122                DIO_PORTD_InitialConfig
 *(COMMON)
                0x00800132                PROVIDE (__bss_end, .)
                0x00000c38                __data_load_start = LOADADDR (.data)
                0x00000cda                __data_load_end = (__data_load_start + SIZEOF (.data))

.noinit         0x00800132        0x0
                0x00800132                PROVIDE (__noinit_start, .)
 *(.noinit*)
                0x00800132                PROVIDE (__noinit_end, .)
                0x00800132                _end = .
                0x00800132                PROVIDE (__heap_start, .)

.eeprom         0x00810000        0x0
 *(.eeprom*)
                0x00810000                __eeprom_end = .

.fuse
 *(.fuse)
 *(.lfuse)
 *(.hfuse)
 *(.efuse)

.lock
 *(.lock*)

.signature
 *(.signature*)

.stab
 *(.stab)

.stabstr
 *(.stabstr)

.stab.excl
 *(.stab.excl)

.stab.exclstr
 *(.stab.exclstr)

.stab.index
 *(.stab.index)

.stab.indexstr
 *(.stab.indexstr)

.comment
 *(.comment)

.debug
 *(.debug)

.line
 *(.line)

.debug_srcinfo
 *(.debug_srcinfo)

.debug_sfnames
 *(.debug_sfnames)

.debug_aranges
 *(.debug_aranges)

.debug_pubnames
 *(.debug_pubnames)

.debug_info
 *(.debug_info)
 *(.gnu.linkonce.wi.*)

.debug_abbrev
 *(.debug_abbrev)

.debug_line
 *(.debug_line)

.debug_frame
 *(.debug_frame)

.debug_str
 *(.debug_str)

.debug_loc
 *(.debug_loc)

.debug_macinfo
 *(.debug_macinfo)
OUTPUT(ATmega32_Drivers.elf elf32-avr)
LOAD linker stubs
